Number overflow in cycle: 4
Write $0 error in cycle: 10
Number overflow in cycle: 10
Write $0 error in cycle: 30
Write $0 error in cycle: 31
Write $0 error in cycle: 32
Write $0 error in cycle: 33
Number overflow in cycle: 37
Write $0 error in cycle: 43
Number overflow in cycle: 43
Write $0 error in cycle: 63
Write $0 error in cycle: 64
Write $0 error in cycle: 65
Write $0 error in cycle: 66
Number overflow in cycle: 70
Write $0 error in cycle: 76
Number overflow in cycle: 76
Write $0 error in cycle: 96
Write $0 error in cycle: 97
Write $0 error in cycle: 98
Write $0 error in cycle: 99
Number overflow in cycle: 103
Write $0 error in cycle: 109
Number overflow in cycle: 109
Write $0 error in cycle: 129
Write $0 error in cycle: 130
Write $0 error in cycle: 131
Write $0 error in cycle: 132
Number overflow in cycle: 136
Write $0 error in cycle: 142
Number overflow in cycle: 142
Write $0 error in cycle: 162
Write $0 error in cycle: 163
Write $0 error in cycle: 164
Write $0 error in cycle: 165
Number overflow in cycle: 169
Write $0 error in cycle: 175
Number overflow in cycle: 175
Write $0 error in cycle: 195
Write $0 error in cycle: 196
Write $0 error in cycle: 197
Write $0 error in cycle: 198
Number overflow in cycle: 202
Write $0 error in cycle: 208
Number overflow in cycle: 208
Write $0 error in cycle: 228
Write $0 error in cycle: 229
Write $0 error in cycle: 230
Write $0 error in cycle: 231
Number overflow in cycle: 235
Write $0 error in cycle: 241
Number overflow in cycle: 241
Write $0 error in cycle: 261
Write $0 error in cycle: 262
Write $0 error in cycle: 263
Write $0 error in cycle: 264
Number overflow in cycle: 268
Write $0 error in cycle: 274
Number overflow in cycle: 274
Write $0 error in cycle: 294
Write $0 error in cycle: 295
Write $0 error in cycle: 296
Write $0 error in cycle: 297
Number overflow in cycle: 301
Write $0 error in cycle: 307
Number overflow in cycle: 307
Write $0 error in cycle: 327
Write $0 error in cycle: 328
Write $0 error in cycle: 329
Write $0 error in cycle: 330
Number overflow in cycle: 334
Write $0 error in cycle: 340
Number overflow in cycle: 340
Write $0 error in cycle: 360
Write $0 error in cycle: 361
Write $0 error in cycle: 362
Write $0 error in cycle: 363
Number overflow in cycle: 367
Write $0 error in cycle: 373
Number overflow in cycle: 373
Write $0 error in cycle: 393
Write $0 error in cycle: 394
Write $0 error in cycle: 395
Write $0 error in cycle: 396
Number overflow in cycle: 400
Write $0 error in cycle: 406
Number overflow in cycle: 406
Write $0 error in cycle: 426
Number overflow in cycle: 426
Address overflow in cycle: 426
Misalignment error in cycle: 426
