Write $0 error in cycle: 1
Write $0 error in cycle: 2
Write $0 error in cycle: 3
Write $0 error in cycle: 4
Write $0 error in cycle: 5
Write $0 error in cycle: 6
Write $0 error in cycle: 7
Write $0 error in cycle: 8
Write $0 error in cycle: 9
Write $0 error in cycle: 10
Write $0 error in cycle: 11
Write $0 error in cycle: 12
Write $0 error in cycle: 13
Write $0 error in cycle: 14
Write $0 error in cycle: 15
Write $0 error in cycle: 16
Write $0 error in cycle: 17
Write $0 error in cycle: 18
Write $0 error in cycle: 19
Write $0 error in cycle: 20
Write $0 error in cycle: 21
Write $0 error in cycle: 44
Write $0 error in cycle: 61
Write $0 error in cycle: 78
Write $0 error in cycle: 95
Write $0 error in cycle: 112
Write $0 error in cycle: 129
Write $0 error in cycle: 146
Write $0 error in cycle: 163
Write $0 error in cycle: 180
Write $0 error in cycle: 197
Write $0 error in cycle: 214
Write $0 error in cycle: 279
Write $0 error in cycle: 287
Write $0 error in cycle: 295
Write $0 error in cycle: 303
Write $0 error in cycle: 311
Write $0 error in cycle: 319
Write $0 error in cycle: 327
Write $0 error in cycle: 335
Write $0 error in cycle: 343
Write $0 error in cycle: 351
Write $0 error in cycle: 359
Write $0 error in cycle: 367
Write $0 error in cycle: 375
Write $0 error in cycle: 383
Write $0 error in cycle: 391
Write $0 error in cycle: 399
Write $0 error in cycle: 407
Write $0 error in cycle: 415
Write $0 error in cycle: 423
Write $0 error in cycle: 431
Write $0 error in cycle: 439
Write $0 error in cycle: 447
Write $0 error in cycle: 455
Write $0 error in cycle: 463
Write $0 error in cycle: 471
Write $0 error in cycle: 479
Write $0 error in cycle: 487
Write $0 error in cycle: 495
Write $0 error in cycle: 503
Number overflow in cycle: 507
Number overflow in cycle: 508
Write $0 error in cycle: 510
Address overflow in cycle: 510
