Write $0 error in cycle: 5
Write $0 error in cycle: 6
Write $0 error in cycle: 7
Write $0 error in cycle: 8
Write $0 error in cycle: 9
Write $0 error in cycle: 10
Write $0 error in cycle: 11
Write $0 error in cycle: 12
Write $0 error in cycle: 13
Write $0 error in cycle: 14
Write $0 error in cycle: 15
Write $0 error in cycle: 16
Write $0 error in cycle: 17
Write $0 error in cycle: 18
Write $0 error in cycle: 19
Write $0 error in cycle: 20
Write $0 error in cycle: 21
Write $0 error in cycle: 22
Write $0 error in cycle: 23
Write $0 error in cycle: 24
Write $0 error in cycle: 25
Write $0 error in cycle: 26
Write $0 error in cycle: 27
Write $0 error in cycle: 28
Write $0 error in cycle: 29
Write $0 error in cycle: 30
Write $0 error in cycle: 31
Write $0 error in cycle: 32
Write $0 error in cycle: 33
Write $0 error in cycle: 34
Write $0 error in cycle: 35
Write $0 error in cycle: 36
Write $0 error in cycle: 37
Write $0 error in cycle: 38
Write $0 error in cycle: 39
Write $0 error in cycle: 40
Write $0 error in cycle: 41
Write $0 error in cycle: 42
Write $0 error in cycle: 43
Write $0 error in cycle: 44
Write $0 error in cycle: 45
Write $0 error in cycle: 46
Write $0 error in cycle: 47
Write $0 error in cycle: 48
Write $0 error in cycle: 49
Write $0 error in cycle: 50
Write $0 error in cycle: 51
Write $0 error in cycle: 52
Write $0 error in cycle: 53
Write $0 error in cycle: 54
Write $0 error in cycle: 55
Write $0 error in cycle: 56
Write $0 error in cycle: 57
Write $0 error in cycle: 58
Write $0 error in cycle: 59
Write $0 error in cycle: 60
Write $0 error in cycle: 61
Write $0 error in cycle: 62
Write $0 error in cycle: 63
Write $0 error in cycle: 64
Write $0 error in cycle: 65
Write $0 error in cycle: 66
Write $0 error in cycle: 67
Write $0 error in cycle: 68
Write $0 error in cycle: 69
Write $0 error in cycle: 70
Write $0 error in cycle: 71
Write $0 error in cycle: 72
Write $0 error in cycle: 73
Write $0 error in cycle: 74
Write $0 error in cycle: 75
Write $0 error in cycle: 76
Write $0 error in cycle: 77
Write $0 error in cycle: 78
Write $0 error in cycle: 79
Write $0 error in cycle: 80
Write $0 error in cycle: 81
Write $0 error in cycle: 82
Write $0 error in cycle: 83
Write $0 error in cycle: 84
Write $0 error in cycle: 85
Write $0 error in cycle: 86
Write $0 error in cycle: 87
Write $0 error in cycle: 88
Write $0 error in cycle: 89
Write $0 error in cycle: 90
Write $0 error in cycle: 91
Write $0 error in cycle: 92
Write $0 error in cycle: 93
Write $0 error in cycle: 94
Write $0 error in cycle: 95
Write $0 error in cycle: 96
Write $0 error in cycle: 97
Write $0 error in cycle: 98
Write $0 error in cycle: 99
Write $0 error in cycle: 100
Write $0 error in cycle: 101
Write $0 error in cycle: 102
Write $0 error in cycle: 103
Write $0 error in cycle: 104
Write $0 error in cycle: 105
Write $0 error in cycle: 106
Write $0 error in cycle: 107
Write $0 error in cycle: 108
Write $0 error in cycle: 109
Write $0 error in cycle: 110
Write $0 error in cycle: 111
Write $0 error in cycle: 112
Write $0 error in cycle: 113
Write $0 error in cycle: 114
Write $0 error in cycle: 115
Write $0 error in cycle: 116
Write $0 error in cycle: 117
Write $0 error in cycle: 118
Write $0 error in cycle: 119
Write $0 error in cycle: 120
Write $0 error in cycle: 121
Write $0 error in cycle: 122
Write $0 error in cycle: 123
Write $0 error in cycle: 124
Write $0 error in cycle: 125
Write $0 error in cycle: 126
Write $0 error in cycle: 127
Write $0 error in cycle: 128
Write $0 error in cycle: 129
Write $0 error in cycle: 130
Write $0 error in cycle: 131
Write $0 error in cycle: 132
Write $0 error in cycle: 133
Write $0 error in cycle: 134
Write $0 error in cycle: 135
Write $0 error in cycle: 136
Write $0 error in cycle: 137
Write $0 error in cycle: 138
Write $0 error in cycle: 139
Write $0 error in cycle: 140
Write $0 error in cycle: 141
Write $0 error in cycle: 142
Write $0 error in cycle: 143
Write $0 error in cycle: 144
Write $0 error in cycle: 145
Write $0 error in cycle: 146
Write $0 error in cycle: 147
Write $0 error in cycle: 148
Write $0 error in cycle: 149
Write $0 error in cycle: 150
Write $0 error in cycle: 151
Write $0 error in cycle: 152
Write $0 error in cycle: 153
Write $0 error in cycle: 154
Write $0 error in cycle: 155
Write $0 error in cycle: 156
Write $0 error in cycle: 157
Write $0 error in cycle: 158
Write $0 error in cycle: 159
Write $0 error in cycle: 160
Write $0 error in cycle: 161
Write $0 error in cycle: 162
Write $0 error in cycle: 163
Write $0 error in cycle: 164
Write $0 error in cycle: 165
Write $0 error in cycle: 166
Write $0 error in cycle: 167
Write $0 error in cycle: 168
Write $0 error in cycle: 169
Write $0 error in cycle: 170
Write $0 error in cycle: 171
Write $0 error in cycle: 172
Write $0 error in cycle: 173
Write $0 error in cycle: 174
Write $0 error in cycle: 175
Write $0 error in cycle: 176
Write $0 error in cycle: 177
Write $0 error in cycle: 178
Write $0 error in cycle: 179
Write $0 error in cycle: 180
Write $0 error in cycle: 181
Write $0 error in cycle: 182
Write $0 error in cycle: 183
Write $0 error in cycle: 184
Write $0 error in cycle: 185
Write $0 error in cycle: 186
Write $0 error in cycle: 187
Write $0 error in cycle: 188
Write $0 error in cycle: 189
Write $0 error in cycle: 190
Write $0 error in cycle: 191
Write $0 error in cycle: 192
Write $0 error in cycle: 193
Write $0 error in cycle: 194
Write $0 error in cycle: 195
Write $0 error in cycle: 196
Write $0 error in cycle: 197
Write $0 error in cycle: 198
Write $0 error in cycle: 199
Write $0 error in cycle: 200
Write $0 error in cycle: 201
Write $0 error in cycle: 202
Write $0 error in cycle: 203
Write $0 error in cycle: 204
Write $0 error in cycle: 205
Write $0 error in cycle: 206
Write $0 error in cycle: 207
Write $0 error in cycle: 208
Write $0 error in cycle: 209
Write $0 error in cycle: 210
Write $0 error in cycle: 211
Write $0 error in cycle: 212
Write $0 error in cycle: 213
Write $0 error in cycle: 214
Write $0 error in cycle: 215
Write $0 error in cycle: 216
Write $0 error in cycle: 217
Write $0 error in cycle: 218
Write $0 error in cycle: 219
Write $0 error in cycle: 220
Write $0 error in cycle: 228
Number overflow in cycle: 228
Write $0 error in cycle: 232
Number overflow in cycle: 232
Write $0 error in cycle: 236
Number overflow in cycle: 236
Write $0 error in cycle: 244
Number overflow in cycle: 244
Write $0 error in cycle: 248
Number overflow in cycle: 248
Write $0 error in cycle: 252
Number overflow in cycle: 252
Write $0 error in cycle: 260
Number overflow in cycle: 260
Write $0 error in cycle: 264
Number overflow in cycle: 264
Write $0 error in cycle: 268
Number overflow in cycle: 268
Number overflow in cycle: 289
Number overflow in cycle: 290
Write $0 error in cycle: 295
Number overflow in cycle: 295
Address overflow in cycle: 295
